------------------------------------------------------------
Timing Analyzer Summary
------------------------------------------------------------

Type  : Slow 1200mV 85C Model Setup 'CLK_50M'
Slack : 11.445
TNS   : 0.000

Type  : Slow 1200mV 85C Model Hold 'CLK_50M'
Slack : 0.402
TNS   : 0.000

Type  : Slow 1200mV 85C Model Recovery 'CLK_50M'
Slack : 15.523
TNS   : 0.000

Type  : Slow 1200mV 85C Model Removal 'CLK_50M'
Slack : 2.799
TNS   : 0.000

Type  : Slow 1200mV 85C Model Minimum Pulse Width 'CLK_50M'
Slack : 9.632
TNS   : 0.000

Type  : Slow 1200mV 0C Model Setup 'CLK_50M'
Slack : 12.089
TNS   : 0.000

Type  : Slow 1200mV 0C Model Hold 'CLK_50M'
Slack : 0.354
TNS   : 0.000

Type  : Slow 1200mV 0C Model Recovery 'CLK_50M'
Slack : 15.871
TNS   : 0.000

Type  : Slow 1200mV 0C Model Removal 'CLK_50M'
Slack : 2.491
TNS   : 0.000

Type  : Slow 1200mV 0C Model Minimum Pulse Width 'CLK_50M'
Slack : 9.649
TNS   : 0.000

Type  : Fast 1200mV 0C Model Setup 'CLK_50M'
Slack : 15.571
TNS   : 0.000

Type  : Fast 1200mV 0C Model Hold 'CLK_50M'
Slack : 0.181
TNS   : 0.000

Type  : Fast 1200mV 0C Model Recovery 'CLK_50M'
Slack : 17.606
TNS   : 0.000

Type  : Fast 1200mV 0C Model Removal 'CLK_50M'
Slack : 1.327
TNS   : 0.000

Type  : Fast 1200mV 0C Model Minimum Pulse Width 'CLK_50M'
Slack : 9.373
TNS   : 0.000

------------------------------------------------------------
